// Vitest Snapshot v1, https://vitest.dev/guide/snapshot.html

exports[`e2e:mdast-util-from-markdown > should expose public api 1`] = `
[
  "compiler",
  "enterdata",
  "enterlistitemvalue",
  "enterlistordered",
  "enterreference",
  "exitatxheadingsequence",
  "exitautolinkemail",
  "exitautolinkprotocol",
  "exitcharacterreference",
  "exitcharacterreferencemarker",
  "exitcharacterreferencevalue",
  "exitcodefenced",
  "exitcodefencedfence",
  "exitcodefencedfenceinfo",
  "exitcodefencedfencemeta",
  "exitcodeindented",
  "exitcodetext",
  "exitdata",
  "exitdefinitiondestinationstring",
  "exitdefinitionlabelstring",
  "exitdefinitiontitlestring",
  "exithardbreak",
  "exithtml",
  "exitimage",
  "exitlabel",
  "exitlabeltext",
  "exitlineending",
  "exitlink",
  "exitreferencestring",
  "exitresource",
  "exitresourcedestinationstring",
  "exitresourcetitlestring",
  "exitsetextheading",
  "exitsetextheadinglinesequence",
  "exitsetextheadingtext",
  "fromMarkdown",
  "handles",
]
`;
